Watching for file changes with StatReloader
[13/Dec/2025 00:39:03] "GET / HTTP/1.1" 302 0
[13/Dec/2025 00:39:07] "GET /reporting/company/ HTTP/1.1" 200 140835
[13/Dec/2025 00:39:08] "GET /reporting/api/data/?report_type=company&period=monthly&start_date=2024-12-12&end_date=2025-12-12&recruiter_id=1 HTTP/1.1" 200 736
[13/Dec/2025 00:39:08] "GET /static/img/logo-light.png HTTP/1.1" 200 47574
[13/Dec/2025 00:39:08] "GET /reporting/api/data/?report_type=company&period=monthly&start_date=2024-12-12&end_date=2025-12-12&recruiter_id=3 HTTP/1.1" 200 669
[13/Dec/2025 00:39:08] "GET /reporting/api/data/?report_type=company&period=monthly&start_date=2024-12-12&end_date=2025-12-12&recruiter_id=9 HTTP/1.1" 200 1127
[13/Dec/2025 00:39:10] "GET /reporting/company/export/?period=monthly&start_date=2024-12-12&end_date=2025-12-12 HTTP/1.1" 200 8108
[13/Dec/2025 00:39:40] "GET /reporting/recruiter/ HTTP/1.1" 200 113150
[13/Dec/2025 00:39:44] "GET /reporting/recruiter/3/ HTTP/1.1" 200 861813
[13/Dec/2025 00:39:44] "GET /reporting/api/data/?report_type=recruiter&recruiter_id=3&period=monthly&start_date=2024-12-12&end_date=2025-12-12 HTTP/1.1" 200 1307
[13/Dec/2025 00:39:50] "GET /reporting/api/data/?report_type=recruiter&recruiter_id=3&period=weekly&start_date=2024-12-12&end_date=2025-12-12 HTTP/1.1" 200 2534
[13/Dec/2025 00:39:53] "GET /reporting/api/data/?report_type=recruiter&recruiter_id=3&period=weekly&start_date=2024-12-12&end_date=2025-12-12 HTTP/1.1" 200 2534
[13/Dec/2025 00:39:55] "GET /reporting/api/data/?report_type=recruiter&recruiter_id=3&period=weekly&start_date=2024-12-12&end_date=2025-12-12 HTTP/1.1" 200 2534
[13/Dec/2025 00:40:01] "GET /reporting/recruiter/3/export/?period=monthly&start_date=2024-12-12&end_date=2025-12-12 HTTP/1.1" 200 7966
[13/Dec/2025 00:40:30] "GET /reporting/interviewer/ HTTP/1.1" 200 156869
[13/Dec/2025 00:40:38] "GET /reporting/company/ HTTP/1.1" 200 140835
[13/Dec/2025 00:40:38] "GET /reporting/api/data/?report_type=company&period=monthly&start_date=2024-12-12&end_date=2025-12-12&recruiter_id=1 HTTP/1.1" 200 736
[13/Dec/2025 00:40:38] "GET /reporting/api/data/?report_type=company&period=monthly&start_date=2024-12-12&end_date=2025-12-12&recruiter_id=9 HTTP/1.1" 200 1127
[13/Dec/2025 00:40:38] "GET /reporting/api/data/?report_type=company&period=monthly&start_date=2024-12-12&end_date=2025-12-12&recruiter_id=3 HTTP/1.1" 200 669
[13/Dec/2025 00:40:44] "GET /reporting/api/data/?report_type=company&period=monthly&start_date=2024-12-12&end_date=2025-12-12&interviewer_id=22 HTTP/1.1" 200 648
[13/Dec/2025 00:40:44] "GET /reporting/api/data/?report_type=company&period=monthly&start_date=2024-12-12&end_date=2025-12-12&interviewer_id=16 HTTP/1.1" 200 1162
[13/Dec/2025 00:40:44] "GET /reporting/api/data/?report_type=company&period=monthly&start_date=2024-12-12&end_date=2025-12-12&interviewer_id=21 HTTP/1.1" 200 1167
[13/Dec/2025 00:40:44] "GET /reporting/api/data/?report_type=company&period=monthly&start_date=2024-12-12&end_date=2025-12-12&interviewer_id=1 HTTP/1.1" 200 1171
[13/Dec/2025 00:40:44] "GET /reporting/api/data/?report_type=company&period=monthly&start_date=2024-12-12&end_date=2025-12-12&interviewer_id=20 HTTP/1.1" 200 1176
[13/Dec/2025 00:40:44] "GET /reporting/api/data/?report_type=company&period=monthly&start_date=2024-12-12&end_date=2025-12-12&interviewer_id=19 HTTP/1.1" 200 648
[13/Dec/2025 00:40:46] "GET /reporting/api/data/?report_type=company&period=monthly&start_date=2024-12-12&end_date=2025-12-12&interviewer_id=26 HTTP/1.1" 200 1089
[13/Dec/2025 00:40:47] "GET /reporting/api/data/?report_type=company&period=monthly&start_date=2024-12-12&end_date=2025-12-12&interviewer_id=18 HTTP/1.1" 200 575
[13/Dec/2025 00:40:47] "GET /reporting/api/data/?report_type=company&period=monthly&start_date=2024-12-12&end_date=2025-12-12&interviewer_id=5 HTTP/1.1" 200 1030
[13/Dec/2025 00:40:47] "GET /reporting/api/data/?report_type=company&period=monthly&start_date=2024-12-12&end_date=2025-12-12&interviewer_id=8 HTTP/1.1" 200 1021
[13/Dec/2025 00:40:48] "GET /reporting/api/data/?report_type=company&period=monthly&start_date=2024-12-12&end_date=2025-12-12&interviewer_id=14 HTTP/1.1" 200 1199
[13/Dec/2025 00:40:48] "GET /reporting/api/data/?report_type=company&period=monthly&start_date=2024-12-12&end_date=2025-12-12&interviewer_id=25 HTTP/1.1" 200 1091
[13/Dec/2025 00:40:49] "GET /reporting/api/data/?report_type=company&period=monthly&start_date=2024-12-12&end_date=2025-12-12&interviewer_id=11 HTTP/1.1" 200 1163
[13/Dec/2025 00:40:49] "GET /reporting/api/data/?report_type=company&period=monthly&start_date=2024-12-12&end_date=2025-12-12&interviewer_id=10 HTTP/1.1" 200 944
[13/Dec/2025 00:40:49] "GET /reporting/api/data/?report_type=company&period=monthly&start_date=2024-12-12&end_date=2025-12-12&interviewer_id=7 HTTP/1.1" 200 1095
[13/Dec/2025 00:40:50] "GET /reporting/api/data/?report_type=company&period=monthly&start_date=2024-12-12&end_date=2025-12-12&interviewer_id=6 HTTP/1.1" 200 869
[13/Dec/2025 00:40:50] "GET /reporting/api/data/?report_type=company&period=monthly&start_date=2024-12-12&end_date=2025-12-12&interviewer_id=23 HTTP/1.1" 200 1019
[13/Dec/2025 00:40:50] "GET /reporting/company/export/?period=monthly&start_date=2024-12-12&end_date=2025-12-12 HTTP/1.1" 200 8109
[13/Dec/2025 00:40:50] "GET /reporting/api/data/?report_type=company&period=monthly&start_date=2024-12-12&end_date=2025-12-12&interviewer_id=17 HTTP/1.1" 200 425
[13/Dec/2025 00:40:50] "GET /reporting/api/data/?report_type=company&period=monthly&start_date=2024-12-12&end_date=2025-12-12&interviewer_id=9 HTTP/1.1" 200 943
[13/Dec/2025 00:40:50] "GET /reporting/api/data/?report_type=company&period=monthly&start_date=2024-12-12&end_date=2025-12-12&interviewer_id=24 HTTP/1.1" 200 794
/Users/agolubenko/hrhelper/fullstack/backend/apps/reporting/views.py changed, reloading.
Performing system checks...

System check identified no issues (0 silenced).
December 13, 2025 - 00:38:55
Django version 4.2.16, using settings 'config.settings'
Starting development server at http://127.0.0.1:8000/
Quit the server with CONTROL-C.

🔍 API запрос: GET https://api.huntflow.ru/v2/accounts
📥 Ответ API: 200
📥 Тело ответа: {"items":[{"id":291341,"name":"Softnetix","nick":"softnetix","member_type":"owner","production_calendar":1}]}...
DEBUG context_processor: accounts_list = [{'id': 291341, 'name': 'Softnetix', 'nick': 'softnetix', 'member_type': 'owner', 'production_calendar': 1}]
🔍 API запрос: GET https://api.huntflow.ru/v2/accounts
📥 Ответ API: 200
📥 Тело ответа: {"items":[{"id":291341,"name":"Softnetix","nick":"softnetix","member_type":"owner","production_calendar":1}]}...
DEBUG context_processor: accounts_list = [{'id': 291341, 'name': 'Softnetix', 'nick': 'softnetix', 'member_type': 'owner', 'production_calendar': 1}]
🔍 API запрос: GET https://api.huntflow.ru/v2/accounts
📥 Ответ API: 200
📥 Тело ответа: {"items":[{"id":291341,"name":"Softnetix","nick":"softnetix","member_type":"owner","production_calendar":1}]}...
DEBUG context_processor: accounts_list = [{'id': 291341, 'name': 'Softnetix', 'nick': 'softnetix', 'member_type': 'owner', 'production_calendar': 1}]
🔍 API запрос: GET https://api.huntflow.ru/v2/accounts
📥 Ответ API: 200
📥 Тело ответа: {"items":[{"id":291341,"name":"Softnetix","nick":"softnetix","member_type":"owner","production_calendar":1}]}...
DEBUG context_processor: accounts_list = [{'id': 291341, 'name': 'Softnetix', 'nick': 'softnetix', 'member_type': 'owner', 'production_calendar': 1}]
🔍 API запрос: GET https://api.huntflow.ru/v2/accounts
📥 Ответ API: 200
📥 Тело ответа: {"items":[{"id":291341,"name":"Softnetix","nick":"softnetix","member_type":"owner","production_calendar":1}]}...
DEBUG context_processor: accounts_list = [{'id': 291341, 'name': 'Softnetix', 'nick': 'softnetix', 'member_type': 'owner', 'production_calendar': 1}]
Watching for file changes with StatReloader
/Users/agolubenko/hrhelper/fullstack/backend/apps/reporting/excel_export.py changed, reloading.
Performing system checks...

System check identified no issues (0 silenced).
December 13, 2025 - 00:43:10
Django version 4.2.16, using settings 'config.settings'
Starting development server at http://127.0.0.1:8000/
Quit the server with CONTROL-C.

Watching for file changes with StatReloader
/Users/agolubenko/hrhelper/fullstack/backend/apps/reporting/excel_export.py changed, reloading.
Performing system checks...

System check identified no issues (0 silenced).
December 13, 2025 - 00:43:13
Django version 4.2.16, using settings 'config.settings'
Starting development server at http://127.0.0.1:8000/
Quit the server with CONTROL-C.

Watching for file changes with StatReloader
/Users/agolubenko/hrhelper/fullstack/backend/apps/reporting/excel_export.py changed, reloading.
Performing system checks...

System check identified no issues (0 silenced).
December 13, 2025 - 00:43:27
Django version 4.2.16, using settings 'config.settings'
Starting development server at http://127.0.0.1:8000/
Quit the server with CONTROL-C.

Watching for file changes with StatReloader
/Users/agolubenko/hrhelper/fullstack/backend/apps/reporting/excel_export.py changed, reloading.
Performing system checks...

System check identified no issues (0 silenced).
December 13, 2025 - 00:43:35
Django version 4.2.16, using settings 'config.settings'
Starting development server at http://127.0.0.1:8000/
Quit the server with CONTROL-C.

Watching for file changes with StatReloader
/Users/agolubenko/hrhelper/fullstack/backend/apps/reporting/excel_export.py changed, reloading.
Performing system checks...

System check identified no issues (0 silenced).
December 13, 2025 - 00:43:37
Django version 4.2.16, using settings 'config.settings'
Starting development server at http://127.0.0.1:8000/
Quit the server with CONTROL-C.

Watching for file changes with StatReloader
[13/Dec/2025 00:44:37] "GET /reporting/company/ HTTP/1.1" 200 140835
[13/Dec/2025 00:44:37] "GET /reporting/api/data/?report_type=company&period=monthly&start_date=2024-12-12&end_date=2025-12-12&recruiter_id=1 HTTP/1.1" 200 736
[13/Dec/2025 00:44:37] "GET /reporting/api/data/?report_type=company&period=monthly&start_date=2024-12-12&end_date=2025-12-12&recruiter_id=3 HTTP/1.1" 200 669
[13/Dec/2025 00:44:37] "GET /reporting/api/data/?report_type=company&period=monthly&start_date=2024-12-12&end_date=2025-12-12&recruiter_id=9 HTTP/1.1" 200 1127
[13/Dec/2025 00:44:40] "GET /reporting/company/export/?period=monthly&start_date=2024-12-12&end_date=2025-12-12 HTTP/1.1" 200 11127
